// Jest Snapshot v1, https://goo.gl/fbAQLP

exports[`Home snapShot 1`] = `
<View
  style={
    Object {
      "alignItems": "center",
      "flex": 1,
      "justifyContent": "center",
    }
  }
>
  <Text>
    Hello, I am your not cat!
  </Text>
</View>
`;
